<?xml version="1.0" encoding="UTF-8"?>
<testsuites name="jest tests" tests="19" failures="0" errors="0" time="3.746">
  <testsuite name="Authentication" errors="0" failures="0" skipped="0" timestamp="2023-06-18T14:24:23" time="2.955" tests="15">
    <testcase classname="Authentication should login as admin" name="Authentication should login as admin" time="0.16">
    </testcase>
    <testcase classname="Authentication should not login with wrong credentials: admin a" name="Authentication should not login with wrong credentials: admin a" time="0.06">
    </testcase>
    <testcase classname="Authentication should not login with wrong credentials: a admin" name="Authentication should not login with wrong credentials: a admin" time="0.146">
    </testcase>
    <testcase classname="Authentication should not login with wrong credentials: a a" name="Authentication should not login with wrong credentials: a a" time="0.064">
    </testcase>
    <testcase classname="Authentication should login as user" name="Authentication should login as user" time="0.062">
    </testcase>
    <testcase classname="Authentication should add user" name="Authentication should add user" time="0.567">
    </testcase>
    <testcase classname="Authentication should change user: fromAdmin pass true to pass false" name="Authentication should change user: fromAdmin pass true to pass false" time="0.318">
    </testcase>
    <testcase classname="Authentication should change user: toAdmin pass false to pass true" name="Authentication should change user: toAdmin pass false to pass true" time="0">
    </testcase>
    <testcase classname="Authentication should change user: changePass pass true to newpass true" name="Authentication should change user: changePass pass true to newpass true" time="0">
    </testcase>
    <testcase classname="Authentication should change user: changeAll pass true to newpass false" name="Authentication should change user: changeAll pass true to newpass false" time="0.001">
    </testcase>
    <testcase classname="Authentication should not update user with no password or admin" name="Authentication should not update user with no password or admin" time="0.018">
    </testcase>
    <testcase classname="Authentication should not update inexistent user" name="Authentication should not update inexistent user" time="0.031">
    </testcase>
    <testcase classname="Authentication should delete user" name="Authentication should delete user" time="0.009">
    </testcase>
    <testcase classname="Authentication should not delete inexistent user" name="Authentication should not delete inexistent user" time="0.015">
    </testcase>
    <testcase classname="Authentication should get all users" name="Authentication should get all users" time="0.026">
    </testcase>
  </testsuite>
  <testsuite name="Users" errors="0" failures="0" skipped="0" timestamp="2023-06-18T14:24:26" time="0.711" tests="4">
    <testcase classname="Users Get users" name="Users Get users" time="0.007">
    </testcase>
    <testcase classname="Users Add users" name="Users Add users" time="0.089">
    </testcase>
    <testcase classname="Users Update users" name="Users Update users" time="0.067">
    </testcase>
    <testcase classname="Users Delete users" name="Users Delete users" time="0.015">
    </testcase>
  </testsuite>
</testsuites>